[2025-09-21T11:46:07.459+0000] {manager.py:483} INFO - Processing files using up to 2 processes at a time 
[2025-09-21T11:46:07.464+0000] {manager.py:484} INFO - Process each file at most once every 30 seconds
[2025-09-21T11:46:07.464+0000] {manager.py:486} INFO - Checking for new files in /opt/airflow/dags every 300 seconds
[2025-09-21T11:46:07.464+0000] {manager.py:726} INFO - Searching for files in /opt/airflow/dags
[2025-09-21T11:46:07.477+0000] {manager.py:729} INFO - There are 1 files in /opt/airflow/dags
[2025-09-21T11:46:07.552+0000] {manager.py:851} INFO - 
================================================================================
DAG File Processing Stats

File Path                             PID  Runtime      # DAGs    # Errors  Last Runtime    Last Run
----------------------------------  -----  ---------  --------  ----------  --------------  ----------
/opt/airflow/dags/data_pipeline.py    169  0.03s             0           0
================================================================================
[2025-09-21T11:46:37.691+0000] {manager.py:851} INFO - 
================================================================================
DAG File Processing Stats

File Path                           PID    Runtime      # DAGs    # Errors  Last Runtime    Last Run
----------------------------------  -----  ---------  --------  ----------  --------------  -------------------
/opt/airflow/dags/data_pipeline.py                           0           1  1.49s           2025-09-21T11:46:09
================================================================================
[2025-09-21T11:47:07.730+0000] {manager.py:851} INFO - 
================================================================================
DAG File Processing Stats

File Path                           PID    Runtime      # DAGs    # Errors  Last Runtime    Last Run
----------------------------------  -----  ---------  --------  ----------  --------------  -------------------
/opt/airflow/dags/data_pipeline.py                           0           1  0.46s           2025-09-21T11:46:39
================================================================================
[2025-09-21T11:47:37.863+0000] {manager.py:851} INFO - 
================================================================================
DAG File Processing Stats

File Path                           PID    Runtime      # DAGs    # Errors  Last Runtime    Last Run
----------------------------------  -----  ---------  --------  ----------  --------------  -------------------
/opt/airflow/dags/data_pipeline.py                           0           1  0.29s           2025-09-21T11:47:10
================================================================================
[2025-09-21T11:48:08.305+0000] {manager.py:851} INFO - 
================================================================================
DAG File Processing Stats

File Path                           PID    Runtime      # DAGs    # Errors  Last Runtime    Last Run
----------------------------------  -----  ---------  --------  ----------  --------------  -------------------
/opt/airflow/dags/data_pipeline.py                           0           1  0.29s           2025-09-21T11:47:40
================================================================================
[2025-09-21T11:48:38.706+0000] {manager.py:851} INFO - 
================================================================================
DAG File Processing Stats

File Path                           PID    Runtime      # DAGs    # Errors  Last Runtime    Last Run
----------------------------------  -----  ---------  --------  ----------  --------------  -------------------
/opt/airflow/dags/data_pipeline.py                           0           1  0.31s           2025-09-21T11:48:10
================================================================================
[2025-09-21T11:49:09.130+0000] {manager.py:851} INFO - 
================================================================================
DAG File Processing Stats

File Path                           PID    Runtime      # DAGs    # Errors  Last Runtime    Last Run
----------------------------------  -----  ---------  --------  ----------  --------------  -------------------
/opt/airflow/dags/data_pipeline.py                           0           1  0.38s           2025-09-21T11:48:41
================================================================================
[2025-09-21T11:49:39.641+0000] {manager.py:851} INFO - 
================================================================================
DAG File Processing Stats

File Path                           PID    Runtime      # DAGs    # Errors  Last Runtime    Last Run
----------------------------------  -----  ---------  --------  ----------  --------------  -------------------
/opt/airflow/dags/data_pipeline.py                           0           1  0.28s           2025-09-21T11:49:11
================================================================================
[2025-09-21T11:50:10.041+0000] {manager.py:851} INFO - 
================================================================================
DAG File Processing Stats

File Path                           PID    Runtime      # DAGs    # Errors  Last Runtime    Last Run
----------------------------------  -----  ---------  --------  ----------  --------------  -------------------
/opt/airflow/dags/data_pipeline.py                           0           1  0.28s           2025-09-21T11:49:42
================================================================================
[2025-09-21T11:50:40.477+0000] {manager.py:851} INFO - 
================================================================================
DAG File Processing Stats

File Path                           PID    Runtime      # DAGs    # Errors  Last Runtime    Last Run
----------------------------------  -----  ---------  --------  ----------  --------------  -------------------
/opt/airflow/dags/data_pipeline.py                           0           1  0.28s           2025-09-21T11:50:12
================================================================================
[2025-09-21T11:51:07.849+0000] {manager.py:726} INFO - Searching for files in /opt/airflow/dags
[2025-09-21T11:51:07.866+0000] {manager.py:729} INFO - There are 1 files in /opt/airflow/dags
[2025-09-21T11:51:09.761+0000] {manager.py:465} INFO - Exiting gracefully upon receiving signal 15
[2025-09-21T11:51:19.828+0000] {manager.py:483} INFO - Processing files using up to 2 processes at a time 
[2025-09-21T11:51:19.829+0000] {manager.py:484} INFO - Process each file at most once every 30 seconds
[2025-09-21T11:51:19.829+0000] {manager.py:486} INFO - Checking for new files in /opt/airflow/dags every 300 seconds
[2025-09-21T11:51:19.830+0000] {manager.py:726} INFO - Searching for files in /opt/airflow/dags
[2025-09-21T11:51:19.848+0000] {manager.py:729} INFO - There are 1 files in /opt/airflow/dags
[2025-09-21T11:51:20.069+0000] {manager.py:851} INFO - 
================================================================================
DAG File Processing Stats

File Path                             PID  Runtime      # DAGs    # Errors  Last Runtime    Last Run
----------------------------------  -----  ---------  --------  ----------  --------------  ----------
/opt/airflow/dags/data_pipeline.py    169  0.02s             0           0
================================================================================
[2025-09-21T11:51:40.813+0000] {manager.py:465} INFO - Exiting gracefully upon receiving signal 15
[2025-09-21T14:12:20.899+0000] {manager.py:483} INFO - Processing files using up to 2 processes at a time 
[2025-09-21T14:12:20.901+0000] {manager.py:484} INFO - Process each file at most once every 30 seconds
[2025-09-21T14:12:20.901+0000] {manager.py:486} INFO - Checking for new files in /opt/airflow/dags every 300 seconds
[2025-09-21T14:12:20.902+0000] {manager.py:726} INFO - Searching for files in /opt/airflow/dags
[2025-09-21T14:12:20.921+0000] {manager.py:729} INFO - There are 1 files in /opt/airflow/dags
[2025-09-21T14:12:21.201+0000] {manager.py:851} INFO - 
================================================================================
DAG File Processing Stats

File Path                             PID  Runtime      # DAGs    # Errors  Last Runtime    Last Run
----------------------------------  -----  ---------  --------  ----------  --------------  ----------
/opt/airflow/dags/data_pipeline.py    169  0.03s             0           0
================================================================================
[2025-09-21T14:12:28.086+0000] {manager.py:465} INFO - Exiting gracefully upon receiving signal 15
[2025-09-21T14:12:56.507+0000] {manager.py:483} INFO - Processing files using up to 2 processes at a time 
[2025-09-21T14:12:56.508+0000] {manager.py:484} INFO - Process each file at most once every 30 seconds
[2025-09-21T14:12:56.508+0000] {manager.py:486} INFO - Checking for new files in /opt/airflow/dags every 300 seconds
[2025-09-21T14:12:56.509+0000] {manager.py:726} INFO - Searching for files in /opt/airflow/dags
[2025-09-21T14:12:56.529+0000] {manager.py:729} INFO - There are 1 files in /opt/airflow/dags
[2025-09-21T14:12:56.743+0000] {manager.py:851} INFO - 
================================================================================
DAG File Processing Stats

File Path                             PID  Runtime      # DAGs    # Errors  Last Runtime    Last Run
----------------------------------  -----  ---------  --------  ----------  --------------  ----------
/opt/airflow/dags/data_pipeline.py    169  0.02s             0           0
================================================================================
[2025-09-21T14:13:14.115+0000] {manager.py:465} INFO - Exiting gracefully upon receiving signal 15
[2025-09-21T14:43:03.522+0000] {manager.py:483} INFO - Processing files using up to 2 processes at a time 
[2025-09-21T14:43:03.523+0000] {manager.py:484} INFO - Process each file at most once every 30 seconds
[2025-09-21T14:43:03.523+0000] {manager.py:486} INFO - Checking for new files in /opt/airflow/dags every 300 seconds
[2025-09-21T14:43:03.524+0000] {manager.py:726} INFO - Searching for files in /opt/airflow/dags
[2025-09-21T14:43:03.544+0000] {manager.py:729} INFO - There are 1 files in /opt/airflow/dags
[2025-09-21T14:43:03.832+0000] {manager.py:851} INFO - 
================================================================================
DAG File Processing Stats

File Path                             PID  Runtime      # DAGs    # Errors  Last Runtime    Last Run
----------------------------------  -----  ---------  --------  ----------  --------------  ----------
/opt/airflow/dags/data_pipeline.py    168  0.03s             0           0
================================================================================
[2025-09-21T14:43:33.970+0000] {manager.py:851} INFO - 
================================================================================
DAG File Processing Stats

File Path                           PID    Runtime      # DAGs    # Errors  Last Runtime    Last Run
----------------------------------  -----  ---------  --------  ----------  --------------  -------------------
/opt/airflow/dags/data_pipeline.py                           0           1  0.59s           2025-09-21T14:43:04
================================================================================
[2025-09-21T14:44:04.433+0000] {manager.py:851} INFO - 
================================================================================
DAG File Processing Stats

File Path                           PID    Runtime      # DAGs    # Errors  Last Runtime    Last Run
----------------------------------  -----  ---------  --------  ----------  --------------  -------------------
/opt/airflow/dags/data_pipeline.py                           0           1  0.32s           2025-09-21T14:43:34
================================================================================
[2025-09-21T14:44:34.879+0000] {manager.py:851} INFO - 
================================================================================
DAG File Processing Stats

File Path                           PID    Runtime      # DAGs    # Errors  Last Runtime    Last Run
----------------------------------  -----  ---------  --------  ----------  --------------  -------------------
/opt/airflow/dags/data_pipeline.py                           0           1  0.28s           2025-09-21T14:44:05
================================================================================
[2025-09-21T14:45:05.280+0000] {manager.py:851} INFO - 
================================================================================
DAG File Processing Stats

File Path                           PID    Runtime      # DAGs    # Errors  Last Runtime    Last Run
----------------------------------  -----  ---------  --------  ----------  --------------  -------------------
/opt/airflow/dags/data_pipeline.py                           0           1  0.28s           2025-09-21T14:44:35
================================================================================
[2025-09-21T14:45:35.678+0000] {manager.py:851} INFO - 
================================================================================
DAG File Processing Stats

File Path                           PID    Runtime      # DAGs    # Errors  Last Runtime    Last Run
----------------------------------  -----  ---------  --------  ----------  --------------  -------------------
/opt/airflow/dags/data_pipeline.py                           0           1  0.28s           2025-09-21T14:45:05
================================================================================
[2025-09-21T14:46:06.090+0000] {manager.py:851} INFO - 
================================================================================
DAG File Processing Stats

File Path                           PID    Runtime      # DAGs    # Errors  Last Runtime    Last Run
----------------------------------  -----  ---------  --------  ----------  --------------  -------------------
/opt/airflow/dags/data_pipeline.py                           0           1  0.27s           2025-09-21T14:45:36
================================================================================
[2025-09-21T14:46:36.488+0000] {manager.py:851} INFO - 
================================================================================
DAG File Processing Stats

File Path                           PID    Runtime      # DAGs    # Errors  Last Runtime    Last Run
----------------------------------  -----  ---------  --------  ----------  --------------  -------------------
/opt/airflow/dags/data_pipeline.py                           0           1  0.27s           2025-09-21T14:46:06
================================================================================
[2025-09-21T14:47:06.877+0000] {manager.py:851} INFO - 
================================================================================
DAG File Processing Stats

File Path                           PID    Runtime      # DAGs    # Errors  Last Runtime    Last Run
----------------------------------  -----  ---------  --------  ----------  --------------  -------------------
/opt/airflow/dags/data_pipeline.py                           0           1  0.28s           2025-09-21T14:46:37
================================================================================
[2025-09-21T14:47:37.314+0000] {manager.py:851} INFO - 
================================================================================
DAG File Processing Stats

File Path                           PID    Runtime      # DAGs    # Errors  Last Runtime    Last Run
----------------------------------  -----  ---------  --------  ----------  --------------  -------------------
/opt/airflow/dags/data_pipeline.py                           0           1  0.27s           2025-09-21T14:47:07
================================================================================
[2025-09-21T14:48:03.693+0000] {manager.py:726} INFO - Searching for files in /opt/airflow/dags
[2025-09-21T14:48:03.710+0000] {manager.py:729} INFO - There are 1 files in /opt/airflow/dags
[2025-09-21T14:48:07.734+0000] {manager.py:851} INFO - 
================================================================================
DAG File Processing Stats

File Path                           PID    Runtime      # DAGs    # Errors  Last Runtime    Last Run
----------------------------------  -----  ---------  --------  ----------  --------------  -------------------
/opt/airflow/dags/data_pipeline.py                           0           1  0.31s           2025-09-21T14:47:37
================================================================================
[2025-09-21T14:48:38.151+0000] {manager.py:851} INFO - 
================================================================================
DAG File Processing Stats

File Path                           PID    Runtime      # DAGs    # Errors  Last Runtime    Last Run
----------------------------------  -----  ---------  --------  ----------  --------------  -------------------
/opt/airflow/dags/data_pipeline.py                           0           1  0.28s           2025-09-21T14:48:08
================================================================================
[2025-09-21T14:49:08.552+0000] {manager.py:851} INFO - 
================================================================================
DAG File Processing Stats

File Path                           PID    Runtime      # DAGs    # Errors  Last Runtime    Last Run
----------------------------------  -----  ---------  --------  ----------  --------------  -------------------
/opt/airflow/dags/data_pipeline.py                           0           1  0.54s           2025-09-21T14:48:38
================================================================================
[2025-09-21T14:49:11.347+0000] {manager.py:465} INFO - Exiting gracefully upon receiving signal 15
[2025-09-21T20:39:29.748+0000] {manager.py:483} INFO - Processing files using up to 2 processes at a time 
[2025-09-21T20:39:29.752+0000] {manager.py:484} INFO - Process each file at most once every 30 seconds
[2025-09-21T20:39:29.753+0000] {manager.py:485} INFO - Checking for new files in /opt/airflow/dags every 300 seconds
[2025-09-21T20:39:29.755+0000] {manager.py:726} INFO - Searching for files in /opt/airflow/dags
[2025-09-21T20:39:29.787+0000] {manager.py:729} INFO - There are 3 files in /opt/airflow/dags
[2025-09-21T20:39:29.904+0000] {manager.py:851} INFO - 
================================================================================
DAG File Processing Stats

File Path                                   PID  Runtime      # DAGs    # Errors  Last Runtime    Last Run
----------------------------------------  -----  ---------  --------  ----------  --------------  ----------
/opt/airflow/dags/data_pipeline.py                                 0           0
/opt/airflow/dags/deployment_pipeline.py    162  0.06s             0           0
/opt/airflow/dags/model_pipeline.py         165  0.04s             0           0
================================================================================
[2025-09-21T20:39:47.517+0000] {manager.py:465} INFO - Exiting gracefully upon receiving signal 15
[2025-09-21T20:54:11.069+0000] {manager.py:483} INFO - Processing files using up to 2 processes at a time 
[2025-09-21T20:54:11.072+0000] {manager.py:484} INFO - Process each file at most once every 30 seconds
[2025-09-21T20:54:11.073+0000] {manager.py:485} INFO - Checking for new files in /opt/airflow/dags every 300 seconds
[2025-09-21T20:54:11.075+0000] {manager.py:726} INFO - Searching for files in /opt/airflow/dags
[2025-09-21T20:54:11.127+0000] {manager.py:729} INFO - There are 3 files in /opt/airflow/dags
[2025-09-21T20:54:11.255+0000] {manager.py:851} INFO - 
================================================================================
DAG File Processing Stats

File Path                                   PID  Runtime      # DAGs    # Errors  Last Runtime    Last Run
----------------------------------------  -----  ---------  --------  ----------  --------------  ----------
/opt/airflow/dags/data_pipeline.py                                 0           0
/opt/airflow/dags/deployment_pipeline.py    163  0.05s             0           0
/opt/airflow/dags/model_pipeline.py         167  0.03s             0           0
================================================================================
[2025-09-21T20:54:41.849+0000] {manager.py:851} INFO - 
================================================================================
DAG File Processing Stats

File Path                                   PID  Runtime      # DAGs    # Errors  Last Runtime    Last Run
----------------------------------------  -----  ---------  --------  ----------  --------------  -------------------
/opt/airflow/dags/data_pipeline.py                                 1           0  2.18s           2025-09-21T20:54:13
/opt/airflow/dags/deployment_pipeline.py    195  0.00s             1           0  0.29s           2025-09-21T20:54:11
/opt/airflow/dags/model_pipeline.py                                1           0  2.45s           2025-09-21T20:54:13
================================================================================
[2025-09-21T20:55:12.242+0000] {manager.py:851} INFO - 
================================================================================
DAG File Processing Stats

File Path                                   PID  Runtime      # DAGs    # Errors  Last Runtime    Last Run
----------------------------------------  -----  ---------  --------  ----------  --------------  -------------------
/opt/airflow/dags/data_pipeline.py                                 1           0  1.20s           2025-09-21T20:54:45
/opt/airflow/dags/deployment_pipeline.py    226  0.00s             1           0  0.13s           2025-09-21T20:54:41
/opt/airflow/dags/model_pipeline.py                                1           0  1.31s           2025-09-21T20:54:45
================================================================================
[2025-09-21T20:55:42.831+0000] {manager.py:851} INFO - 
================================================================================
DAG File Processing Stats

File Path                                   PID  Runtime      # DAGs    # Errors  Last Runtime    Last Run
----------------------------------------  -----  ---------  --------  ----------  --------------  -------------------
/opt/airflow/dags/data_pipeline.py                                 1           0  1.29s           2025-09-21T20:55:16
/opt/airflow/dags/deployment_pipeline.py    257  0.00s             1           0  0.15s           2025-09-21T20:55:12
/opt/airflow/dags/model_pipeline.py                                1           0  1.47s           2025-09-21T20:55:16
================================================================================
[2025-09-21T20:56:13.232+0000] {manager.py:851} INFO - 
================================================================================
DAG File Processing Stats

File Path                                   PID  Runtime      # DAGs    # Errors  Last Runtime    Last Run
----------------------------------------  -----  ---------  --------  ----------  --------------  -------------------
/opt/airflow/dags/data_pipeline.py                                 1           0  1.09s           2025-09-21T20:55:48
/opt/airflow/dags/deployment_pipeline.py    288  0.00s             1           0  0.16s           2025-09-21T20:55:42
/opt/airflow/dags/model_pipeline.py                                1           0  1.25s           2025-09-21T20:55:48
================================================================================
[2025-09-21T20:56:43.702+0000] {manager.py:851} INFO - 
================================================================================
DAG File Processing Stats

File Path                                   PID  Runtime      # DAGs    # Errors  Last Runtime    Last Run
----------------------------------------  -----  ---------  --------  ----------  --------------  -------------------
/opt/airflow/dags/data_pipeline.py                                 1           0  1.16s           2025-09-21T20:56:19
/opt/airflow/dags/deployment_pipeline.py    319  0.00s             1           0  0.14s           2025-09-21T20:56:13
/opt/airflow/dags/model_pipeline.py                                1           0  1.35s           2025-09-21T20:56:19
================================================================================
[2025-09-21T20:57:13.997+0000] {manager.py:851} INFO - 
================================================================================
DAG File Processing Stats

File Path                                   PID  Runtime      # DAGs    # Errors  Last Runtime    Last Run
----------------------------------------  -----  ---------  --------  ----------  --------------  -------------------
/opt/airflow/dags/data_pipeline.py                                 1           0  1.11s           2025-09-21T20:56:50
/opt/airflow/dags/deployment_pipeline.py    350  0.00s             1           0  0.14s           2025-09-21T20:56:43
/opt/airflow/dags/model_pipeline.py                                1           0  1.28s           2025-09-21T20:56:51
================================================================================
[2025-09-21T20:57:44.396+0000] {manager.py:851} INFO - 
================================================================================
DAG File Processing Stats

File Path                                   PID  Runtime      # DAGs    # Errors  Last Runtime    Last Run
----------------------------------------  -----  ---------  --------  ----------  --------------  -------------------
/opt/airflow/dags/data_pipeline.py                                 1           0  1.22s           2025-09-21T20:57:22
/opt/airflow/dags/deployment_pipeline.py    381  0.00s             1           0  0.16s           2025-09-21T20:57:14
/opt/airflow/dags/model_pipeline.py                                1           0  1.41s           2025-09-21T20:57:22
================================================================================
[2025-09-21T20:58:14.639+0000] {manager.py:851} INFO - 
================================================================================
DAG File Processing Stats

File Path                                   PID  Runtime      # DAGs    # Errors  Last Runtime    Last Run
----------------------------------------  -----  ---------  --------  ----------  --------------  -------------------
/opt/airflow/dags/data_pipeline.py                                 1           0  1.05s           2025-09-21T20:57:53
/opt/airflow/dags/deployment_pipeline.py    412  0.00s             1           0  0.14s           2025-09-21T20:57:44
/opt/airflow/dags/model_pipeline.py                                1           0  1.15s           2025-09-21T20:57:54
================================================================================
[2025-09-21T20:58:44.833+0000] {manager.py:851} INFO - 
================================================================================
DAG File Processing Stats

File Path                                   PID  Runtime      # DAGs    # Errors  Last Runtime    Last Run
----------------------------------------  -----  ---------  --------  ----------  --------------  -------------------
/opt/airflow/dags/data_pipeline.py                                 1           0  0.92s           2025-09-21T20:58:24
/opt/airflow/dags/deployment_pipeline.py    443  0.00s             1           0  0.15s           2025-09-21T20:58:14
/opt/airflow/dags/model_pipeline.py                                1           0  1.05s           2025-09-21T20:58:25
================================================================================
[2025-09-21T20:59:11.103+0000] {manager.py:726} INFO - Searching for files in /opt/airflow/dags
[2025-09-21T20:59:11.137+0000] {manager.py:729} INFO - There are 3 files in /opt/airflow/dags
[2025-09-21T20:59:15.180+0000] {manager.py:851} INFO - 
================================================================================
DAG File Processing Stats

File Path                                   PID  Runtime      # DAGs    # Errors  Last Runtime    Last Run
----------------------------------------  -----  ---------  --------  ----------  --------------  -------------------
/opt/airflow/dags/data_pipeline.py                                 1           0  1.07s           2025-09-21T20:58:55
/opt/airflow/dags/deployment_pipeline.py    474  0.00s             1           0  0.14s           2025-09-21T20:58:44
/opt/airflow/dags/model_pipeline.py                                1           0  1.38s           2025-09-21T20:58:57
================================================================================
[2025-09-21T20:59:45.501+0000] {manager.py:851} INFO - 
================================================================================
DAG File Processing Stats

File Path                                   PID  Runtime      # DAGs    # Errors  Last Runtime    Last Run
----------------------------------------  -----  ---------  --------  ----------  --------------  -------------------
/opt/airflow/dags/data_pipeline.py                                 1           0  0.93s           2025-09-21T20:59:27
/opt/airflow/dags/deployment_pipeline.py    505  0.00s             1           0  0.14s           2025-09-21T20:59:15
/opt/airflow/dags/model_pipeline.py                                1           0  1.02s           2025-09-21T20:59:28
================================================================================
[2025-09-21T21:00:15.930+0000] {manager.py:851} INFO - 
================================================================================
DAG File Processing Stats

File Path                                   PID  Runtime      # DAGs    # Errors  Last Runtime    Last Run
----------------------------------------  -----  ---------  --------  ----------  --------------  -------------------
/opt/airflow/dags/data_pipeline.py                                 1           0  1.21s           2025-09-21T20:59:58
/opt/airflow/dags/deployment_pipeline.py    536  0.00s             1           0  0.14s           2025-09-21T20:59:45
/opt/airflow/dags/model_pipeline.py                                1           0  1.25s           2025-09-21T20:59:59
================================================================================
[2025-09-21T21:00:46.045+0000] {manager.py:851} INFO - 
================================================================================
DAG File Processing Stats

File Path                                 PID    Runtime      # DAGs    # Errors  Last Runtime    Last Run
----------------------------------------  -----  ---------  --------  ----------  --------------  -------------------
/opt/airflow/dags/data_pipeline.py                                 1           0  0.91s           2025-09-21T21:00:29
/opt/airflow/dags/deployment_pipeline.py                           1           0  0.13s           2025-09-21T21:00:16
/opt/airflow/dags/model_pipeline.py                                1           0  1.10s           2025-09-21T21:00:31
================================================================================
[2025-09-21T21:01:16.245+0000] {manager.py:851} INFO - 
================================================================================
DAG File Processing Stats

File Path                                 PID    Runtime      # DAGs    # Errors  Last Runtime    Last Run
----------------------------------------  -----  ---------  --------  ----------  --------------  -------------------
/opt/airflow/dags/data_pipeline.py                                 1           0  0.94s           2025-09-21T21:01:01
/opt/airflow/dags/deployment_pipeline.py                           1           0  0.13s           2025-09-21T21:00:46
/opt/airflow/dags/model_pipeline.py                                1           0  1.14s           2025-09-21T21:01:02
================================================================================
[2025-09-21T21:01:46.847+0000] {manager.py:851} INFO - 
================================================================================
DAG File Processing Stats

File Path                                   PID  Runtime      # DAGs    # Errors  Last Runtime    Last Run
----------------------------------------  -----  ---------  --------  ----------  --------------  -------------------
/opt/airflow/dags/data_pipeline.py                                 1           0  1.69s           2025-09-21T21:01:33
/opt/airflow/dags/deployment_pipeline.py    663  0.01s             1           0  0.22s           2025-09-21T21:01:16
/opt/airflow/dags/model_pipeline.py                                1           0  1.38s           2025-09-21T21:01:33
================================================================================
[2025-09-21T21:02:17.280+0000] {manager.py:851} INFO - 
================================================================================
DAG File Processing Stats

File Path                                   PID  Runtime      # DAGs    # Errors  Last Runtime    Last Run
----------------------------------------  -----  ---------  --------  ----------  --------------  -------------------
/opt/airflow/dags/data_pipeline.py                                 1           0  1.11s           2025-09-21T21:02:04
/opt/airflow/dags/deployment_pipeline.py    694  0.00s             1           0  0.29s           2025-09-21T21:01:47
/opt/airflow/dags/model_pipeline.py                                1           0  1.15s           2025-09-21T21:02:05
================================================================================
[2025-09-21T21:02:47.627+0000] {manager.py:851} INFO - 
================================================================================
DAG File Processing Stats

File Path                                   PID  Runtime      # DAGs    # Errors  Last Runtime    Last Run
----------------------------------------  -----  ---------  --------  ----------  --------------  -------------------
/opt/airflow/dags/data_pipeline.py                                 1           0  0.92s           2025-09-21T21:02:35
/opt/airflow/dags/deployment_pipeline.py    735  0.00s             1           0  0.13s           2025-09-21T21:02:17
/opt/airflow/dags/model_pipeline.py                                1           0  1.51s           2025-09-21T21:02:36
================================================================================
[2025-09-21T21:03:17.962+0000] {manager.py:851} INFO - 
================================================================================
DAG File Processing Stats

File Path                                   PID  Runtime      # DAGs    # Errors  Last Runtime    Last Run
----------------------------------------  -----  ---------  --------  ----------  --------------  -------------------
/opt/airflow/dags/data_pipeline.py                                 1           0  0.97s           2025-09-21T21:03:06
/opt/airflow/dags/deployment_pipeline.py    766  0.00s             1           0  0.15s           2025-09-21T21:02:47
/opt/airflow/dags/model_pipeline.py                                1           0  1.01s           2025-09-21T21:03:07
================================================================================
[2025-09-21T21:03:48.120+0000] {manager.py:851} INFO - 
================================================================================
DAG File Processing Stats

File Path                                   PID  Runtime      # DAGs    # Errors  Last Runtime    Last Run
----------------------------------------  -----  ---------  --------  ----------  --------------  -------------------
/opt/airflow/dags/data_pipeline.py                                 1           0  0.95s           2025-09-21T21:03:38
/opt/airflow/dags/deployment_pipeline.py    807  0.00s             1           0  0.13s           2025-09-21T21:03:18
/opt/airflow/dags/model_pipeline.py                                1           0  1.06s           2025-09-21T21:03:39
================================================================================
[2025-09-21T21:04:11.212+0000] {manager.py:726} INFO - Searching for files in /opt/airflow/dags
[2025-09-21T21:04:11.243+0000] {manager.py:729} INFO - There are 3 files in /opt/airflow/dags
[2025-09-21T21:04:18.304+0000] {manager.py:851} INFO - 
================================================================================
DAG File Processing Stats

File Path                                   PID  Runtime      # DAGs    # Errors  Last Runtime    Last Run
----------------------------------------  -----  ---------  --------  ----------  --------------  -------------------
/opt/airflow/dags/data_pipeline.py                                 1           0  0.91s           2025-09-21T21:04:09
/opt/airflow/dags/deployment_pipeline.py    838  0.00s             1           0  0.15s           2025-09-21T21:03:48
/opt/airflow/dags/model_pipeline.py                                1           0  1.08s           2025-09-21T21:04:10
================================================================================
[2025-09-21T21:04:25.718+0000] {manager.py:465} INFO - Exiting gracefully upon receiving signal 15
